C:\Development\tartis-recon-ai-parking-ticketService\backend\ticket-service\src\main\java\com\tartis_recon_ai_parking\domain\ticket\Ticket.java
C:\Development\tartis-recon-ai-parking-ticketService\backend\ticket-service\src\main\java\com\tartis_recon_ai_parking\infrastructure\ticket\adapter\input\rest\dto\response\TicketResponse.java
C:\Development\tartis-recon-ai-parking-ticketService\backend\ticket-service\src\main\java\com\tartis_recon_ai_parking\application\ticket\usecase\GetTicketUseCase.java
C:\Development\tartis-recon-ai-parking-ticketService\backend\ticket-service\src\main\java\com\tartis_recon_ai_parking\application\ticket\dto\TicketCreateDTO.java
C:\Development\tartis-recon-ai-parking-ticketService\backend\ticket-service\src\main\java\com\tartis_recon_ai_parking\infrastructure\entryticket\adapter\input\rest\dto\request\EntryTicketRequest.java
C:\Development\tartis-recon-ai-parking-ticketService\backend\ticket-service\src\main\java\com\tartis_recon_ai_parking\infrastructure\entryticket\adapter\output\persistence\EntryTicketEntity.java
C:\Development\tartis-recon-ai-parking-ticketService\backend\ticket-service\src\main\java\com\tartis_recon_ai_parking\infrastructure\ticket\adapter\input\rest\TicketRestAdapter.java
C:\Development\tartis-recon-ai-parking-ticketService\backend\ticket-service\src\main\java\com\tartis_recon_ai_parking\domain\entryticket\exception\EntryTicketNotFoundException.java
C:\Development\tartis-recon-ai-parking-ticketService\backend\ticket-service\src\main\java\com\tartis_recon_ai_parking\application\ticket\usecase\CreateTicketUseCase.java
C:\Development\tartis-recon-ai-parking-ticketService\backend\ticket-service\src\main\java\com\tartis_recon_ai_parking\infrastructure\entryticket\adapter\input\rest\EntryTicketRestAdapter.java
C:\Development\tartis-recon-ai-parking-ticketService\backend\ticket-service\src\main\java\com\tartis_recon_ai_parking\infrastructure\entryticket\adapter\output\persistence\EntryTicketPersistenceAdapter.java
C:\Development\tartis-recon-ai-parking-ticketService\backend\ticket-service\src\main\java\com\tartis_recon_ai_parking\infrastructure\ticket\adapter\output\persistence\TicketPersistenceAdapter.java
C:\Development\tartis-recon-ai-parking-ticketService\backend\ticket-service\src\main\java\com\tartis_recon_ai_parking\infrastructure\ticket\adapter\output\persistence\TicketRepository.java
C:\Development\tartis-recon-ai-parking-ticketService\backend\ticket-service\src\main\java\com\tartis_recon_ai_parking\infrastructure\entryticket\adapter\input\rest\dto\response\EntryTicketResponse.java
C:\Development\tartis-recon-ai-parking-ticketService\backend\ticket-service\src\main\java\com\tartis_recon_ai_parking\application\ticket\factory\TicketDTOFactory.java
C:\Development\tartis-recon-ai-parking-ticketService\backend\ticket-service\src\main\java\com\tartis_recon_ai_parking\infrastructure\entryticket\adapter\output\persistence\EntryTicketPersistenceMapper.java
C:\Development\tartis-recon-ai-parking-ticketService\backend\ticket-service\src\main\java\com\tartis_recon_ai_parking\infrastructure\ticket\adapter\input\rest\TicketRestMapper.java
C:\Development\tartis-recon-ai-parking-ticketService\backend\ticket-service\src\main\java\com\tartis_recon_ai_parking\infrastructure\ticket\adapter\output\persistence\TicketEntity.java
C:\Development\tartis-recon-ai-parking-ticketService\backend\ticket-service\src\main\java\com\tartis_recon_ai_parking\application\entryticket\usecase\GetEntryTicketUseCase.java
C:\Development\tartis-recon-ai-parking-ticketService\backend\ticket-service\src\main\java\com\tartis_recon_ai_parking\infrastructure\entryticket\adapter\input\rest\EntryTicketRestMapper.java
C:\Development\tartis-recon-ai-parking-ticketService\backend\ticket-service\src\main\java\com\tartis_recon_ai_parking\application\ticket\port\output\TicketPersistence.java
C:\Development\tartis-recon-ai-parking-ticketService\backend\ticket-service\src\main\java\com\tartis_recon_ai_parking\infrastructure\config\BeanConfiguration.java
C:\Development\tartis-recon-ai-parking-ticketService\backend\ticket-service\src\main\java\com\tartis_recon_ai_parking\infrastructure\customizedexception\adapter\output\CustomizedExceptionAdapter.java
C:\Development\tartis-recon-ai-parking-ticketService\backend\ticket-service\src\main\java\com\tartis_recon_ai_parking\infrastructure\entryticket\adapter\output\persistence\EntryTicketRepository.java
C:\Development\tartis-recon-ai-parking-ticketService\backend\ticket-service\src\main\java\com\tartis_recon_ai_parking\infrastructure\ticket\adapter\output\persistence\TicketPersistenceMapper.java
C:\Development\tartis-recon-ai-parking-ticketService\backend\ticket-service\src\main\java\com\tartis_recon_ai_parking\domain\ticket\exception\InvalidTicketException.java
C:\Development\tartis-recon-ai-parking-ticketService\backend\ticket-service\src\main\java\com\tartis_recon_ai_parking\domain\entryticket\exception\InvalidEntryTicketException.java
C:\Development\tartis-recon-ai-parking-ticketService\backend\ticket-service\src\main\java\com\tartis_recon_ai_parking\application\entryticket\dto\EntryTicketDTO.java
C:\Development\tartis-recon-ai-parking-ticketService\backend\ticket-service\src\main\java\com\tartis_recon_ai_parking\application\ticket\dto\TicketDTO.java
C:\Development\tartis-recon-ai-parking-ticketService\backend\ticket-service\src\main\java\com\tartis_recon_ai_parking\application\entryticket\generator\EntryTicketCodeGenerator.java
C:\Development\tartis-recon-ai-parking-ticketService\backend\ticket-service\src\main\java\com\tartis_recon_ai_parking\infrastructure\ticket\adapter\input\rest\dto\request\TicketRequest.java
C:\Development\tartis-recon-ai-parking-ticketService\backend\ticket-service\src\main\java\com\tartis_recon_ai_parking\TicketServiceApplication.java
C:\Development\tartis-recon-ai-parking-ticketService\backend\ticket-service\src\main\java\com\tartis_recon_ai_parking\application\entryticket\port\output\EntryTicketPersistence.java
C:\Development\tartis-recon-ai-parking-ticketService\backend\ticket-service\src\main\java\com\tartis_recon_ai_parking\application\entryticket\usecase\CreateEntryTicketUseCase.java
C:\Development\tartis-recon-ai-parking-ticketService\backend\ticket-service\src\main\java\com\tartis_recon_ai_parking\domain\entryticket\EntryTicketStatus.java
C:\Development\tartis-recon-ai-parking-ticketService\backend\ticket-service\src\main\java\com\tartis_recon_ai_parking\domain\ticket\exception\TicketNotFoundException.java
C:\Development\tartis-recon-ai-parking-ticketService\backend\ticket-service\src\main\java\com\tartis_recon_ai_parking\application\entryticket\factory\EntryTicketDTOFactory.java
C:\Development\tartis-recon-ai-parking-ticketService\backend\ticket-service\src\main\java\com\tartis_recon_ai_parking\domain\entryticket\EntryTicket.java
C:\Development\tartis-recon-ai-parking-ticketService\backend\ticket-service\src\main\java\com\tartis_recon_ai_parking\application\entryticket\dto\EntryTicketCreateDTO.java
